// Jest Snapshot v1, https://goo.gl/fbAQLP

exports[`CustomCarousel snapshot should component renderer correctly 1`] = `ReactWrapper {}`;
