// Jest Snapshot v1, https://goo.gl/fbAQLP

exports[`FilmCard tests should render snapshot 1`] = `ReactWrapper {}`;
