// Jest Snapshot v1, https://goo.gl/fbAQLP

exports[`CustomDropDown snapshot should correct renderer 1`] = `ReactWrapper {}`;
