// Jest Snapshot v1, https://goo.gl/fbAQLP

exports[`CustomButton tests should render snapshot 1`] = `ReactWrapper {}`;
