// Jest Snapshot v1, https://goo.gl/fbAQLP

exports[`CustomInput tests should render snapshot 1`] = `ReactWrapper {}`;
